02-17 18:21:25 com_github_MitjaNemec_ReplicateLayout.action_replicate_layout 409:Plugin executed on: 'linux'
02-17 18:21:25 com_github_MitjaNemec_ReplicateLayout.action_replicate_layout 410:Plugin executed with python version: '3.12.3 (main, Jan 22 2026, 20:57:42) [GCC 13.3.0]'
02-17 18:21:25 com_github_MitjaNemec_ReplicateLayout.action_replicate_layout 411:KiCad build version: 9.0.7-9.0.7~ubuntu24.04.1
02-17 18:21:25 com_github_MitjaNemec_ReplicateLayout.action_replicate_layout 412:Plugin version: 4.0.3
02-17 18:21:25 com_github_MitjaNemec_ReplicateLayout.action_replicate_layout 413:Frame repr: <wx._core.Frame object at 0x74d83b809250>
02-17 18:21:25 com_github_MitjaNemec_ReplicateLayout.action_replicate_layout 437:Preparing replicator with R42 as a reference
02-17 18:21:25 com_github_MitjaNemec_ReplicateLayout.replicate_layout 117:getting a list of all footprints on board
02-17 18:21:26 com_github_MitjaNemec_ReplicateLayout.action_replicate_layout 485:source anchor footprint is 'R42'
Located on: ['Power controllers', 'IC_1']
With filenames: ['Controllers.kicad_sch', 'ic_1.kicad_sch']
With sheet_id:['Power controllers', 'IC_1']
02-17 18:21:26 com_github_MitjaNemec_ReplicateLayout.action_replicate_layout 492:Corresponding footprints are 
[('R42', ['Power controllers', 'IC_1'])]
02-17 18:21:26 com_github_MitjaNemec_ReplicateLayout.action_replicate_layout 504:Showing dialog
02-17 18:21:26 com_github_MitjaNemec_ReplicateLayout.replicate_layout 472:constructing a list of sheets suitable for replication on level:'IC_1', file:'ic_1.kicad_sch'
02-17 18:21:26 com_github_MitjaNemec_ReplicateLayout.replicate_layout 509:suitable sheets are:[]
02-17 18:21:26 com_github_MitjaNemec_ReplicateLayout.replicate_layout 1512:Level selected: ['Power controllers', 'IC_1']
02-17 18:21:26 com_github_MitjaNemec_ReplicateLayout.replicate_layout 1336:Filtering list of tracks
02-17 18:21:26 com_github_MitjaNemec_ReplicateLayout.action_replicate_layout 510:Toolbar position: wx.Point(1886, 144)
02-17 18:21:26 com_github_MitjaNemec_ReplicateLayout.action_replicate_layout 515:Dialog position: wx.Point(1447, 144)
02-17 18:21:30 com_github_MitjaNemec_ReplicateLayout.replicate_layout 472:constructing a list of sheets suitable for replication on level:'IC_1', file:'ic_1.kicad_sch'
02-17 18:21:30 com_github_MitjaNemec_ReplicateLayout.replicate_layout 509:suitable sheets are:[]
02-17 18:21:30 com_github_MitjaNemec_ReplicateLayout.action_replicate_layout 248:Replicating layout
02-17 18:21:30 com_github_MitjaNemec_ReplicateLayout.replicate_layout 288:Starting replication of sheets: []
on level: ['Power controllers', 'IC_1']
with tracks=True, zone=True, text=True, text=True, intersecting=False, remove=False, locked footprints=False, group_only=False
02-17 18:21:30 root 340:updating GUI message: 'Preparing for replication'
02-17 18:21:30 root 345:updating GUI with: 0
02-17 18:21:30 com_github_MitjaNemec_ReplicateLayout.replicate_layout 358:Getting the list of source footprints
02-17 18:21:30 root 345:updating GUI with: 0
02-17 18:21:30 com_github_MitjaNemec_ReplicateLayout.replicate_layout 368:Getting the list of all the remaining footprints
02-17 18:21:30 com_github_MitjaNemec_ReplicateLayout.replicate_layout 375:Getting source tracks
02-17 18:21:30 com_github_MitjaNemec_ReplicateLayout.replicate_layout 1336:Filtering list of tracks
02-17 18:21:30 com_github_MitjaNemec_ReplicateLayout.replicate_layout 379:Getting source zones
02-17 18:21:30 com_github_MitjaNemec_ReplicateLayout.replicate_layout 383:Getting source text items
02-17 18:21:30 com_github_MitjaNemec_ReplicateLayout.replicate_layout 387:Getting source drawing items
02-17 18:21:30 root 340:updating GUI message: 'Replicating footprints'
02-17 18:21:30 com_github_MitjaNemec_ReplicateLayout.replicate_layout 863:Replicating footprints
02-17 18:21:30 root 340:updating GUI message: 'Replicating tracks'
02-17 18:21:30 com_github_MitjaNemec_ReplicateLayout.replicate_layout 1014:Replicating tracks
02-17 18:21:30 root 340:updating GUI message: 'Replicating zones'
02-17 18:21:30 com_github_MitjaNemec_ReplicateLayout.replicate_layout 1084:Replicating zones
02-17 18:21:30 root 340:updating GUI message: 'Replicating text'
02-17 18:21:30 com_github_MitjaNemec_ReplicateLayout.replicate_layout 1173:Replicating text
02-17 18:21:30 root 340:updating GUI message: 'Replicating drawings'
02-17 18:21:30 com_github_MitjaNemec_ReplicateLayout.replicate_layout 1224:Replicating drawings
02-17 18:21:30 com_github_MitjaNemec_ReplicateLayout.action_replicate_layout 264:Replication complete
